// Jest Snapshot v1, https://goo.gl/fbAQLP

exports[`ui actions emitError 1`] = `
Object {
  "error": true,
  "meta": Object {},
  "payload": [Error: TEST_ERROR_MESSAGE.],
  "type": "EMIT_ERROR",
}
`;
